Copyright 1986-2022 Xilinx, Inc. All Rights Reserved. Copyright 2022-2024 Advanced Micro Devices, Inc. All Rights Reserved.
-------------------------------------------------------------------------------------------------------------------------------------------------
| Tool Version     : Vivado v.2024.1 (win64) Build 5076996 Wed May 22 18:37:14 MDT 2024
| Date             : Tue Oct  8 17:50:17 2024
| Host             : DESKTOP-B2190GF running 64-bit major release  (build 9200)
| Command          : report_power -file JOIN_DDP_power_routed.rpt -pb JOIN_DDP_power_summary_routed.pb -rpx JOIN_DDP_power_routed.rpx
| Design           : JOIN_DDP
| Device           : xc7z010clg400-1
| Design State     : routed
| Grade            : commercial
| Process          : typical
| Characterization : Production
-------------------------------------------------------------------------------------------------------------------------------------------------

Power Report

Table of Contents
-----------------
1. Summary
1.1 On-Chip Components
1.2 Power Supply Summary
1.3 Confidence Level
2. Settings
2.1 Environment
2.2 Clock Constraints
3. Detailed Reports
3.1 By Hierarchy

1. Summary
----------

+--------------------------+----------------------------------+
| Total On-Chip Power (W)  | 67.040 (Junction temp exceeded!) |
| Design Power Budget (W)  | Unspecified*                     |
| Power Budget Margin (W)  | NA                               |
| Dynamic (W)              | 66.293                           |
| Device Static (W)        | 0.747                            |
| Effective TJA (C/W)      | 11.5                             |
| Max Ambient (C)          | 0.0                              |
| Junction Temperature (C) | 125.0                            |
| Confidence Level         | Low                              |
| Setting File             | ---                              |
| Simulation Activity File | ---                              |
| Design Nets Matched      | NA                               |
+--------------------------+----------------------------------+
* Specify Design Power Budget using, set_operating_conditions -design_power_budget <value in Watts>


1.1 On-Chip Components
----------------------

+----------------+-----------+----------+-----------+-----------------+
| On-Chip        | Power (W) | Used     | Available | Utilization (%) |
+----------------+-----------+----------+-----------+-----------------+
| Slice Logic    |    14.479 |     8126 |       --- |             --- |
|   LUT as Logic |    13.754 |     3796 |     17600 |           21.57 |
|   Register     |     0.485 |     3537 |     35200 |           10.05 |
|   F7/F8 Muxes  |     0.122 |       99 |     17600 |            0.56 |
|   CARRY4       |     0.117 |       58 |      4400 |            1.32 |
|   Others       |     0.000 |      468 |       --- |             --- |
| Signals        |    23.684 |     6052 |       --- |             --- |
| DSPs           |     1.004 |        1 |        80 |            1.25 |
| I/O            |    27.126 |       81 |       100 |           81.00 |
| Static Power   |     0.747 |          |           |                 |
| Total          |    67.040 |          |           |                 |
+----------------+-----------+----------+-----------+-----------------+


1.2 Power Supply Summary
------------------------

+-----------+-------------+-----------+-------------+------------+-------------+-------------+------------+
| Source    | Voltage (V) | Total (A) | Dynamic (A) | Static (A) | Powerup (A) | Budget (A)  | Margin (A) |
+-----------+-------------+-----------+-------------+------------+-------------+-------------+------------+
| Vccint    |       1.000 |    39.456 |      39.327 |      0.129 |       NA    | Unspecified | NA         |
| Vccaux    |       1.800 |     2.248 |       2.207 |      0.040 |       NA    | Unspecified | NA         |
| Vcco33    |       3.300 |     0.000 |       0.000 |      0.000 |       NA    | Unspecified | NA         |
| Vcco25    |       2.500 |     0.000 |       0.000 |      0.000 |       NA    | Unspecified | NA         |
| Vcco18    |       1.800 |    12.775 |      12.774 |      0.001 |       NA    | Unspecified | NA         |
| Vcco15    |       1.500 |     0.000 |       0.000 |      0.000 |       NA    | Unspecified | NA         |
| Vcco135   |       1.350 |     0.000 |       0.000 |      0.000 |       NA    | Unspecified | NA         |
| Vcco12    |       1.200 |     0.000 |       0.000 |      0.000 |       NA    | Unspecified | NA         |
| Vccaux_io |       1.800 |     0.000 |       0.000 |      0.000 |       NA    | Unspecified | NA         |
| Vccbram   |       1.000 |     0.011 |       0.000 |      0.011 |       NA    | Unspecified | NA         |
| MGTAVcc   |       1.000 |     0.000 |       0.000 |      0.000 |       NA    | Unspecified | NA         |
| MGTAVtt   |       1.200 |     0.000 |       0.000 |      0.000 |       NA    | Unspecified | NA         |
| MGTVccaux |       1.800 |     0.000 |       0.000 |      0.000 |       NA    | Unspecified | NA         |
| Vccpint   |       1.000 |     0.473 |       0.000 |      0.473 |       NA    | Unspecified | NA         |
| Vccpaux   |       1.800 |     0.010 |       0.000 |      0.010 |       NA    | Unspecified | NA         |
| Vccpll    |       1.800 |     0.003 |       0.000 |      0.003 |       NA    | Unspecified | NA         |
| Vcco_ddr  |       1.500 |     0.000 |       0.000 |      0.000 |       NA    | Unspecified | NA         |
| Vcco_mio0 |       1.800 |     0.000 |       0.000 |      0.000 |       NA    | Unspecified | NA         |
| Vcco_mio1 |       1.800 |     0.000 |       0.000 |      0.000 |       NA    | Unspecified | NA         |
| Vccadc    |       1.800 |     0.020 |       0.000 |      0.020 |       NA    | Unspecified | NA         |
+-----------+-------------+-----------+-------------+------------+-------------+-------------+------------+


1.3 Confidence Level
--------------------

+-----------------------------+------------+--------------------------------------------------------+--------------------------------------------------------------------------------------------------------------------+
| User Input Data             | Confidence | Details                                                | Action                                                                                                             |
+-----------------------------+------------+--------------------------------------------------------+--------------------------------------------------------------------------------------------------------------------+
| Design implementation state | High       | Design is routed                                       |                                                                                                                    |
| Clock nodes activity        | Low        | User specified less than 75% of clocks                 | Provide missing clock activity with a constraint file, simulation results or by editing the "By Clock Domain" view |
| I/O nodes activity          | Low        | More than 75% of inputs are missing user specification | Provide missing input activity with simulation results or by editing the "By Resource Type -> I/Os" view           |
| Internal nodes activity     | Medium     | User specified less than 25% of internal nodes         | Provide missing internal nodes activity with simulation results or by editing the "By Resource Type" views         |
| Device models               | High       | Device models are Production                           |                                                                                                                    |
|                             |            |                                                        |                                                                                                                    |
| Overall confidence level    | Low        |                                                        |                                                                                                                    |
+-----------------------------+------------+--------------------------------------------------------+--------------------------------------------------------------------------------------------------------------------+


2. Settings
-----------

2.1 Environment
---------------

+-----------------------+------------------------+
| Ambient Temp (C)      | 25.0                   |
| ThetaJA (C/W)         | 11.5                   |
| Airflow (LFM)         | 250                    |
| Heat Sink             | none                   |
| ThetaSA (C/W)         | 0.0                    |
| Board Selection       | medium (10"x10")       |
| # of Board Layers     | 8to11 (8 to 11 Layers) |
| Board Temperature (C) | 25.0                   |
+-----------------------+------------------------+


2.2 Clock Constraints
---------------------

+-------+--------+-----------------+
| Clock | Domain | Constraint (ns) |
+-------+--------+-----------------+


3. Detailed Reports
-------------------

3.1 By Hierarchy
----------------

+--------------------------+-----------+
| Name                     | Power (W) |
+--------------------------+-----------+
| JOIN_DDP                 |    66.293 |
|   B                      |     0.772 |
|     MF_reg               |     0.015 |
|     cb                   |     0.267 |
|       cf                 |     0.250 |
|   COPY                   |     0.969 |
|     cx2                  |     0.505 |
|       DL1S_reg           |     0.003 |
|       cf1                |     0.264 |
|       cf2                |     0.157 |
|   FP                     |     9.862 |
|     ce                   |     0.332 |
|       cf                 |     0.319 |
|   M                      |     7.467 |
|     cm                   |     0.508 |
|       arb                |     0.042 |
|       cj_a               |     0.167 |
|       cj_b               |     0.220 |
|   MA                     |     8.550 |
|     c                    |     0.507 |
|       delay1             |     0.058 |
|       delay2             |     0.063 |
|       delay3             |     0.044 |
|       delay4             |     0.039 |
|   MMCAM                  |     7.477 |
|     c                    |     2.743 |
|       delay1             |     0.067 |
|       delay2             |     0.061 |
|       delay3             |     0.051 |
|       delay4             |     0.035 |
|     entry_fd_loop[0].ef  |     0.181 |
|     entry_fd_loop[10].ef |     0.172 |
|     entry_fd_loop[11].ef |     0.163 |
|     entry_fd_loop[12].ef |     0.088 |
|     entry_fd_loop[13].ef |     0.084 |
|     entry_fd_loop[14].ef |     0.175 |
|     entry_fd_loop[15].ef |     0.189 |
|     entry_fd_loop[16].ef |     0.209 |
|     entry_fd_loop[17].ef |     0.156 |
|     entry_fd_loop[18].ef |     0.148 |
|     entry_fd_loop[19].ef |     0.160 |
|     entry_fd_loop[1].ef  |     0.093 |
|     entry_fd_loop[2].ef  |     0.173 |
|     entry_fd_loop[3].ef  |     0.182 |
|     entry_fd_loop[4].ef  |     0.177 |
|     entry_fd_loop[5].ef  |     0.171 |
|     entry_fd_loop[6].ef  |     0.173 |
|     entry_fd_loop[7].ef  |     0.177 |
|     entry_fd_loop[8].ef  |     0.171 |
|     entry_fd_loop[9].ef  |     0.173 |
|     oam                  |     0.378 |
|   MMRAM                  |     2.446 |
|     ce                   |     0.621 |
|       cf                 |     0.590 |
|   PS                     |     0.776 |
|     c                    |     0.345 |
|       delay1             |     0.083 |
|       delay2             |     0.057 |
|       delay3             |     0.035 |
|       delay4             |     0.034 |
|   c                      |     0.140 |
|     delay1               |     0.032 |
|     delay2               |     0.040 |
|     delay3               |     0.014 |
|     delay4               |     0.019 |
+--------------------------+-----------+


